// Jest Snapshot v1, https://goo.gl/fbAQLP

exports[`<CohortUser /> should warn when missing required props 1`] = `
Array [
  Array [
    "Warning: Failed prop type: The prop \`uid\` is marked as required in \`CohortUser\`, but its value is \`undefined\`.
    in CohortUser",
  ],
  Array [
    "Warning: Failed prop type: The prop \`cohortid\` is marked as required in \`CohortUser\`, but its value is \`undefined\`.
    in CohortUser",
  ],
  Array [
    "Warning: Failed prop type: The prop \`cohortUser\` is marked as required in \`CohortUser\`, but its value is \`undefined\`.
    in CohortUser",
  ],
  Array [
    "Warning: Failed prop type: The prop \`profile\` is marked as required in \`CohortUser\`, but its value is \`undefined\`.
    in CohortUser",
  ],
  Array [
    "Warning: Failed prop type: The prop \`toggleMoveDialog\` is marked as required in \`CohortUser\`, but its value is \`undefined\`.
    in CohortUser",
  ],
  Array [
    "Warning: Failed prop type: The prop \`firebase\` is marked as required in \`CohortUser\`, but its value is \`undefined\`.
    in CohortUser",
  ],
  Array [
    "Warning: Failed prop type: The prop \`parsedCohortId\` is marked as required in \`CohortUser\`, but its value is \`undefined\`.
    in CohortUser",
  ],
]
`;
