// Jest Snapshot v1, https://goo.gl/fbAQLP

exports[`<TopBar /> should print warning in console.error when missing title 1`] = `
Array [
  "Warning: Failed prop type: The prop \`title\` is marked as required in \`TopBar\`, but its value is \`undefined\`.
    in TopBar
    in WithStyles(TopBar)
    in Connect(WithStyles(TopBar))
    in Provider",
]
`;
